
> react-kavia@0.1.0 start
> cross-env EDIT_MODE=true webpack serve --config .ve/webpack.config.js --mode development

<i> [webpack-dev-server] Project is running at:
<i> [webpack-dev-server] Loopback: http://localhost:3000/, http://[::1]:3000/
<i> [webpack-dev-server] On Your Network (IPv4): http://172.17.0.2:3000/
<i> [webpack-dev-server] Content not from webpack is served from './public' directory
Injecting EditorRootWrapper import: ../.ve/EditorRootWrapper
asset bundle.js 1.39 MiB [emitted] (name: main)
asset index.html 1.92 KiB [emitted]
runtime modules 27.5 KiB 14 modules
modules by path ./node_modules/ 1.24 MiB 31 modules
modules by path ./src/ 10.3 KiB
  modules by path ./src/*.css 7.49 KiB 4 modules
  modules by path ./src/*.js 2.76 KiB
    ./src/index.js 530 bytes [built] [code generated]
    ./src/App.js 2.24 KiB [built] [code generated]
modules by path ./.ve/ 15.1 KiB
  modules by path ./.ve/*.js 10.6 KiB 2 modules
  modules by path ./.ve/*.css 2.93 KiB
    ./.ve/EditorOverlay.css 2.25 KiB [built] [code generated]
    ./node_modules/css-loader/dist/cjs.js!./.ve/EditorOverlay.css 697 bytes [built] [code generated]
  ./.ve/EditorOverlay.jsx 1.58 KiB [built] [code generated]
webpack 5.99.9 compiled successfully in 1505 ms
assets by status 1.92 KiB [cached] 1 asset
assets by path *.js 1.47 MiB
  asset bundle.js 1.43 MiB [emitted] (name: main)
  asset main.f741640d6ae023ac8388.hot-update.js 40.4 KiB [emitted] [immutable] [hmr] (name: main)
asset main.f741640d6ae023ac8388.hot-update.json 28 bytes [emitted] [immutable] [hmr]
Entrypoint main 1.47 MiB = bundle.js 1.43 MiB main.f741640d6ae023ac8388.hot-update.js 40.4 KiB
cached modules 1.26 MiB [cached] 41 modules
runtime modules 27.5 KiB 14 modules
javascript modules 26.9 KiB
  modules by path ./src/components/*.js 24.4 KiB
    ./src/components/Header.js 3.95 KiB [built] [code generated]
    ./src/components/Hero.js 7 KiB [built] [code generated]
    ./src/components/FeatureCards.js 5.1 KiB [built] [code generated]
    ./src/components/DailyChallenge.js 5.35 KiB [built] [code generated]
    ./src/components/Footer.js 3.01 KiB [built] [code generated]
  ./src/App.js 289 bytes [built] [code generated]
  ./src/pages/LandingPage.js 2.18 KiB [built] [code generated]
webpack 5.99.9 compiled successfully in 251 ms
assets by status 1.92 KiB [cached] 1 asset
assets by path *.js 1.44 MiB
  asset bundle.js 1.43 MiB [emitted] (name: main)
  asset main.58a02cb60747143708df.hot-update.js 10.1 KiB [emitted] [immutable] [hmr] (name: main)
asset main.58a02cb60747143708df.hot-update.json 28 bytes [emitted] [immutable] [hmr]
Entrypoint main 1.44 MiB = bundle.js 1.43 MiB main.58a02cb60747143708df.hot-update.js 10.1 KiB
cached modules 1.28 MiB [cached] 47 modules
runtime modules 27.5 KiB 14 modules
./src/components/Hero.js 7.03 KiB [built] [code generated]
webpack 5.99.9 compiled successfully in 74 ms
assets by path *.js 1.43 MiB
  asset bundle.js 1.43 MiB [emitted] (name: main)
  asset main.07e0d5d5ef1ac33fc419.hot-update.js 854 bytes [emitted] [immutable] [hmr] (name: main)
asset index.html 780 bytes [emitted]
asset main.07e0d5d5ef1ac33fc419.hot-update.json 28 bytes [emitted] [immutable] [hmr]
Entrypoint main 1.43 MiB = bundle.js 1.43 MiB main.07e0d5d5ef1ac33fc419.hot-update.js 854 bytes
cached modules 1.29 MiB [cached] 48 modules
runtime modules 27.5 KiB 14 modules
webpack 5.99.9 compiled successfully in 61 ms
